// Jest Snapshot v1, https://goo.gl/fbAQLP

exports[`renders correctly 1`] = `
<div
  className="calculator"
>
  <div
    className="display"
  >
    <div
      className="display"
    >
      <span
        className="previous"
      />
      <span
        className="operand"
      />
      <span
        className="current"
      >
        0
      </span>
    </div>
  </div>
  <div
    className="transform"
  >
    <button
      className="button"
      onClick={[Function]}
      type="button"
    >
      AC
    </button>
    <button
      className="button"
      onClick={[Function]}
      type="button"
    >
      +/-
    </button>
    <button
      className="button"
      onClick={[Function]}
      type="button"
    >
      %
    </button>
  </div>
  <div
    className="digits"
  >
    <button
      className="button"
      onClick={[Function]}
      type="button"
    >
      1
    </button>
    <button
      className="button"
      onClick={[Function]}
      type="button"
    >
      2
    </button>
    <button
      className="button"
      onClick={[Function]}
      type="button"
    >
      3
    </button>
    <button
      className="button"
      onClick={[Function]}
      type="button"
    >
      4
    </button>
    <button
      className="button"
      onClick={[Function]}
      type="button"
    >
      5
    </button>
    <button
      className="button"
      onClick={[Function]}
      type="button"
    >
      6
    </button>
    <button
      className="button"
      onClick={[Function]}
      type="button"
    >
      7
    </button>
    <button
      className="button"
      onClick={[Function]}
      type="button"
    >
      8
    </button>
    <button
      className="button"
      onClick={[Function]}
      type="button"
    >
      9
    </button>
  </div>
  <div
    className="zero_digits"
  >
    <button
      className="zero"
      onClick={[Function]}
      type="button"
    >
      0
    </button>
    <button
      className="point"
      onClick={[Function]}
      type="button"
    >
      .
    </button>
  </div>
  <div
    className="operators"
  >
    <button
      className="button"
      onClick={[Function]}
      type="button"
    >
      รท
    </button>
    <button
      className="button"
      onClick={[Function]}
      type="button"
    >
      x
    </button>
    <button
      className="button"
      onClick={[Function]}
      type="button"
    >
      -
    </button>
    <button
      className="button"
      onClick={[Function]}
      type="button"
    >
      +
    </button>
    <button
      className="button"
      onClick={[Function]}
      type="button"
    >
      =
    </button>
  </div>
</div>
`;
